// Jest Snapshot v1, https://goo.gl/fbAQLP

exports[`ProjectDashboard.vue renders correctly 1`] = `
<div class="dashboard-area">
  <div class="dashboard-area__header-wrapper">
    <h1 aria-roledescription="title" class="dashboard-area__header-wrapper__title">test Dashboard</h1>
    <p class="dashboard-area__header-wrapper__message">
      Expect a delay of a few hours between network activity and the latest dashboard stats.
    </p>
  </div>
  <projectusage-stub></projectusage-stub>
  <projectsummary-stub></projectsummary-stub>
  <bucketarea-stub></bucketarea-stub>
</div>
`;
