// Jest Snapshot v1, https://goo.gl/fbAQLP

exports[`NotificationsPopup renders correctly with less than 4 notifications 1`] = `
<div class="notification-popup-container">
  <div class="notification-popup-container__header">
    <p class="notification-popup-container__header__title">Notifications</p> <a href="/notifications" class="notification-popup-container__header__link">
      <p>See All</p>
    </a>
  </div>
  <div class="notification-popup-container__content collapsed">
    <snonotification-stub notification="[object Object]" issmall="true"></snonotification-stub>
  </div>
</div>
`;

exports[`NotificationsPopup renders correctly with more than 4 notifications 1`] = `
<div class="notification-popup-container">
  <div class="notification-popup-container__header">
    <p class="notification-popup-container__header__title">Notifications</p> <a href="/notifications" class="notification-popup-container__header__link">
      <p>See All</p>
    </a>
  </div>
  <div class="notification-popup-container__content">
    <snonotification-stub notification="[object Object]" issmall="true"></snonotification-stub>
    <snonotification-stub notification="[object Object]" issmall="true"></snonotification-stub>
    <snonotification-stub notification="[object Object]" issmall="true"></snonotification-stub>
    <snonotification-stub notification="[object Object]" issmall="true"></snonotification-stub>
    <snonotification-stub notification="[object Object]" issmall="true"></snonotification-stub>
  </div>
</div>
`;

exports[`NotificationsPopup renders correctly with no notifications 1`] = `
<div class="notification-popup-container">
  <div class="notification-popup-container__header">
    <p class="notification-popup-container__header__title">Notifications</p> <a href="/notifications" class="notification-popup-container__header__link">
      <p>See All</p>
    </a>
  </div>
  <div class="notification-popup-container__empty-state"><img src="@/../static/images/notifications/EmptyState.png" alt="Empty state image">
    <p class="notification-popup-container__empty-state__label">No notifications yet</p>
  </div>
</div>
`;
