// Jest Snapshot v1, https://goo.gl/fbAQLP

exports[`SortingHeader.vue renders correctly 1`] = `
<div class="sort-header-container">
  <div class="sort-header-container__item name">
    <p class="sort-header-container__item__name">BUCKET NAME</p>
  </div>
  <div class="sort-header-container__item">
    <p class="sort-header-container__item__name">STORAGE</p>
  </div>
  <div class="sort-header-container__item">
    <p class="sort-header-container__item__name">BANDWIDTH</p>
  </div>
  <div class="sort-header-container__item">
    <p class="sort-header-container__item__name">OBJECTS</p>
  </div>
  <div class="sort-header-container__item">
    <p class="sort-header-container__item__name">SEGMENTS</p>
  </div>
</div>
`;
