// Jest Snapshot v1, https://goo.gl/fbAQLP

exports[`PaymentsItem renders correctly if charge 1`] = `
<div class="container">
  <div class="countdown-container container__item date">
    <div>January 01, 1970</div>
  </div>
  <p class="container__item description">Charge</p>
  <p class="container__item status">Test</p>
  <p class="container__item amount"><b>
      USD $
      <span>
                5.00
            </span></b>
    <!---->
  </p>
  <p class="container__item download"><a target="_blank" href="test" class="download-link">Invoice PDF</a></p>
</div>
`;

exports[`PaymentsItem renders correctly if invoice 1`] = `
<div class="container">
  <div class="countdown-container container__item date">
    <div>January 01, 1970</div>
  </div>
  <p class="container__item description">Invoice</p>
  <p class="container__item status">Test</p>
  <p class="container__item amount"><b>
      USD $
      <span>
                5.00
            </span></b>
    <!---->
  </p>
  <p class="container__item download"><a target="_blank" href="test" class="download-link">Invoice PDF</a></p>
</div>
`;

exports[`PaymentsItem renders correctly if transaction 1`] = `
<div class="container">
  <div class="countdown-container container__item date">
    <div>January 01, 1970</div>
  </div>
  <p class="container__item description">Transaction</p>
  <p class="container__item status">Test</p>
  <p class="container__item amount"><b>
      USD $
      <span>
                5.00
            </span></b> <span>
            of <b>5.00</b></span></p>
  <p class="container__item download"><a target="_blank" href="test" class="download-link">Checkout</a></p>
</div>
`;
