// Jest Snapshot v1, https://goo.gl/fbAQLP

exports[`NotificationArea.vue renders correctly 1`] = ``;

exports[`NotificationArea.vue renders correctly with notification 1`] = `
<div class="notification-container">
  <div class="notification-wrap" style="background-color: rgb(219, 241, 211);">
    <div class="notification-wrap__content-area">
      <div class="notification-wrap__content-area__image"><svg></svg></div>
      <div class="notification-wrap__content-area__message-area">
        <p class="notification-wrap__content-area__message">testMessage</p>
        <!---->
      </div>
    </div>
    <div class="notification-wrap__buttons-group"><span class="notification-wrap__buttons-group__close"><svg></svg></span></div>
  </div>
  <div class="notification-wrap" style="background-color: rgb(255, 212, 210);">
    <div class="notification-wrap__content-area">
      <div class="notification-wrap__content-area__image"><svg></svg></div>
      <div class="notification-wrap__content-area__message-area">
        <p class="notification-wrap__content-area__message">testMessage</p>
        <!---->
      </div>
    </div>
    <div class="notification-wrap__buttons-group"><span class="notification-wrap__buttons-group__close"><svg></svg></span></div>
  </div>
  <div class="notification-wrap" style="background-color: rgb(252, 248, 227);">
    <div class="notification-wrap__content-area">
      <div class="notification-wrap__content-area__image"><svg></svg></div>
      <div class="notification-wrap__content-area__message-area">
        <p class="notification-wrap__content-area__message">testMessage</p>
        <!---->
      </div>
    </div>
    <div class="notification-wrap__buttons-group"><span class="notification-wrap__buttons-group__close"><svg></svg></span></div>
  </div>
  <div class="notification-wrap" style="background-color: rgb(208, 227, 254);">
    <div class="notification-wrap__content-area">
      <div class="notification-wrap__content-area__image"><svg></svg></div>
      <div class="notification-wrap__content-area__message-area">
        <p class="notification-wrap__content-area__message">testMessage</p>
        <!---->
      </div>
    </div>
    <div class="notification-wrap__buttons-group"><span class="notification-wrap__buttons-group__close"><svg></svg></span></div>
  </div>
</div>
`;
