// Jest Snapshot v1, https://goo.gl/fbAQLP

exports[`EstimationPeriodDropdown renders correctly 1`] = `
<button name="Show Period Date Picker" type="button" class="period-container">
  <p class="period-container__label long-text">Custom Date Range</p>
  <p class="period-container__label short-text">Custom Range</p>
  <blackarrowexpand-stub></blackarrowexpand-stub>
  <!---->
</button>
`;
