// Jest Snapshot v1, https://goo.gl/fbAQLP

exports[`HeaderComponent.vue renders correctly 1`] = `
<div class="header-container">
  <div class="header-container__buttons-area"></div>
  <div>
    <vsearch-stub placeholder="" search="[Function]"></vsearch-stub>
  </div>
  <!---->
</div>
`;
